
[1m[7m[36m RUN [39m[27m[22m [36mv2.1.9 [39m[90mD:/Projects/FlowMetrics/fluid-tester[39m

 [32mΓ£ô[39m src/test/status-colors.test.ts [2m([22m[2m10 tests[22m[2m)[22m[90m 11[2mms[22m[39m
 [32mΓ£ô[39m src/test/results-mapper.test.ts [2m([22m[2m13 tests[22m[2m)[22m[90m 15[2mms[22m[39m
 [32mΓ£ô[39m src/test/api.test.ts [2m([22m[2m5 tests[22m[2m)[22m[90m 18[2mms[22m[39m
 [32mΓ£ô[39m src/test/form-validation.test.ts [2m([22m[2m11 tests[22m[2m)[22m[90m 18[2mms[22m[39m
 [32mΓ£ô[39m src/test/design-system.test.ts [2m([22m[2m29 tests[22m[2m)[22m[90m 24[2mms[22m[39m
 [32mΓ£ô[39m src/test/vehicle-form.test.tsx [2m([22m[2m6 tests[22m[2m)[22m[90m 218[2mms[22m[39m
 [32mΓ£ô[39m src/test/pdf-report.test.ts [2m([22m[2m8 tests[22m[2m)[22m[90m 8[2mms[22m[39m
